
> @biomodstack/ove@0.8.24 build /home/dalab/MolBio-Open-Source-Toolkits/packages/ove-react19
> vite build

vite v6.4.1 building for production...

(!) outDir /home/dalab/MolBio-Open-Source-Toolkits/dist/ove is not inside project root and will not be emptied.
Use --emptyOutDir to override.

transforming...
[plugin vite:resolve] Module "events" has been externalized for browser compatibility, imported by "/home/dalab/MolBio-Open-Source-Toolkits/node_modules/.pnpm/stream-browserify@3.0.0/node_modules/stream-browserify/index.js". See https://vite.dev/guide/troubleshooting.html#module-externalized-for-browser-compatibility for more details.
[plugin vite:resolve] Module "events" has been externalized for browser compatibility, imported by "/home/dalab/MolBio-Open-Source-Toolkits/node_modules/.pnpm/readable-stream@3.6.2/node_modules/readable-stream/lib/_stream_readable.js". See https://vite.dev/guide/troubleshooting.html#module-externalized-for-browser-compatibility for more details.
[plugin vite:resolve] Module "events" has been externalized for browser compatibility, imported by "/home/dalab/MolBio-Open-Source-Toolkits/node_modules/.pnpm/readable-stream@3.6.2/node_modules/readable-stream/lib/internal/streams/stream-browser.js". See https://vite.dev/guide/troubleshooting.html#module-externalized-for-browser-compatibility for more details.
"hideContextMenu" is imported from external module "@blueprintjs/core" but never used in "../ui/src/utils/menuUtils.js".
✓ 2369 modules transformed.
rendering chunks...

[vite:dts] Start generate declaration files...
[96mcypress.config.ts[0m:[93m2[0m:[93m21[0m - [91merror[0m[90m TS2307: [0mCannot find module '../../cypress.config' or its corresponding type declarations.

[7m2[0m import cypress from "../../cypress.config";
[7m [0m [91m                    ~~~~~~~~~~~~~~~~~~~~~~[0m
[96m../../vite.react.config.ts[0m:[93m7[0m:[93m27[0m - [91merror[0m[90m TS7016: [0mCould not find a declaration file for module 'lodash-es'. '/home/dalab/MolBio-Open-Source-Toolkits/node_modules/.pnpm/lodash-es@4.17.22/node_modules/lodash-es/lodash.js' implicitly has an 'any' type.
  Try `npm i --save-dev @types/lodash-es` if it exists or add a new declaration (.d.ts) file containing `declare module 'lodash-es';`

[7m7[0m import { camelCase } from "lodash-es";
[7m [0m [91m                          ~~~~~~~~~~~[0m

computing gzip size...
[vite:dts] Outside emitted: /home/dalab/MolBio-Open-Source-Toolkits/dist/cypress/e2e/addYourOwnEnzyme.d.ts
[vite:dts] Outside emitted: /home/dalab/MolBio-Open-Source-Toolkits/dist/cypress/e2e/alignment.d.ts
[vite:dts] Outside emitted: /home/dalab/MolBio-Open-Source-Toolkits/dist/cypress/e2e/allowPartOverhangs.d.ts
[vite:dts] Outside emitted: /home/dalab/MolBio-Open-Source-Toolkits/dist/cypress/e2e/allowPrimerBasesToBeEdited.d.ts
[vite:dts] Outside emitted: /home/dalab/MolBio-Open-Source-Toolkits/dist/cypress/e2e/aminoAcidAlignment.d.ts
[vite:dts] Outside emitted: /home/dalab/MolBio-Open-Source-Toolkits/dist/cypress/e2e/annotationExtraProps.d.ts
[vite:dts] Outside emitted: /home/dalab/MolBio-Open-Source-Toolkits/dist/cypress/e2e/annotationsToSupport.d.ts
[vite:dts] Outside emitted: /home/dalab/MolBio-Open-Source-Toolkits/dist/cypress/e2e/autoAnnotate.d.ts
[vite:dts] Outside emitted: /home/dalab/MolBio-Open-Source-Toolkits/dist/cypress/e2e/bpLimit.d.ts
[vite:dts] Outside emitted: /home/dalab/MolBio-Open-Source-Toolkits/dist/cypress/e2e/caretPositionOnDelete.d.ts
[vite:dts] Outside emitted: /home/dalab/MolBio-Open-Source-Toolkits/dist/cypress/e2e/chromatogram.d.ts
[vite:dts] Outside emitted: /home/dalab/MolBio-Open-Source-Toolkits/dist/cypress/e2e/clickDragCaretAndSelectionLogic.d.ts
[vite:dts] Outside emitted: /home/dalab/MolBio-Open-Source-Toolkits/dist/cypress/e2e/copyPaste.d.ts
[vite:dts] Outside emitted: /home/dalab/MolBio-Open-Source-Toolkits/dist/cypress/e2e/cutsite.d.ts
[vite:dts] Outside emitted: /home/dalab/MolBio-Open-Source-Toolkits/dist/cypress/e2e/cutsiteInfoView.d.ts
[vite:dts] Outside emitted: /home/dalab/MolBio-Open-Source-Toolkits/dist/cypress/e2e/demo.d.ts
[vite:dts] Outside emitted: /home/dalab/MolBio-Open-Source-Toolkits/dist/cypress/e2e/dialogs.d.ts
[vite:dts] Outside emitted: /home/dalab/MolBio-Open-Source-Toolkits/dist/cypress/e2e/editLocking.d.ts
[vite:dts] Outside emitted: /home/dalab/MolBio-Open-Source-Toolkits/dist/cypress/e2e/editing.d.ts
[vite:dts] Outside emitted: /home/dalab/MolBio-Open-Source-Toolkits/dist/cypress/e2e/editor.d.ts
[vite:dts] Outside emitted: /home/dalab/MolBio-Open-Source-Toolkits/dist/cypress/e2e/enzymeFilter.d.ts
[vite:dts] Outside emitted: /home/dalab/MolBio-Open-Source-Toolkits/dist/cypress/e2e/enzymeFilterAndLogic.d.ts
[vite:dts] Outside emitted: /home/dalab/MolBio-Open-Source-Toolkits/dist/cypress/e2e/enzymeManager.d.ts
[vite:dts] Outside emitted: /home/dalab/MolBio-Open-Source-Toolkits/dist/cypress/e2e/enzymeOverrides.d.ts
[vite:dts] Outside emitted: /home/dalab/MolBio-Open-Source-Toolkits/dist/cypress/e2e/enzymeViewer.d.ts
[vite:dts] Outside emitted: /home/dalab/MolBio-Open-Source-Toolkits/dist/cypress/e2e/features.d.ts
[vite:dts] Outside emitted: /home/dalab/MolBio-Open-Source-Toolkits/dist/cypress/e2e/findTool.d.ts
[vite:dts] Outside emitted: /home/dalab/MolBio-Open-Source-Toolkits/dist/cypress/e2e/fullscreen.d.ts
[vite:dts] Outside emitted: /home/dalab/MolBio-Open-Source-Toolkits/dist/cypress/e2e/getAdditionalCreateOpts.d.ts
[vite:dts] Outside emitted: /home/dalab/MolBio-Open-Source-Toolkits/dist/cypress/e2e/getAdditionalEditAnnotationComps.d.ts
[vite:dts] Outside emitted: /home/dalab/MolBio-Open-Source-Toolkits/dist/cypress/e2e/getStructuredBases.d.ts
[vite:dts] Outside emitted: /home/dalab/MolBio-Open-Source-Toolkits/dist/cypress/e2e/globalDialog.d.ts
[vite:dts] Outside emitted: /home/dalab/MolBio-Open-Source-Toolkits/dist/cypress/e2e/import.d.ts
[vite:dts] Outside emitted: /home/dalab/MolBio-Open-Source-Toolkits/dist/cypress/e2e/initialAnnotationToEdit.d.ts
[vite:dts] Outside emitted: /home/dalab/MolBio-Open-Source-Toolkits/dist/cypress/e2e/labels.d.ts
[vite:dts] Outside emitted: /home/dalab/MolBio-Open-Source-Toolkits/dist/cypress/e2e/menuBar.d.ts
[vite:dts] Outside emitted: /home/dalab/MolBio-Open-Source-Toolkits/dist/cypress/e2e/misc.d.ts
[vite:dts] Outside emitted: /home/dalab/MolBio-Open-Source-Toolkits/dist/cypress/e2e/miscAnnotations.d.ts
[vite:dts] Outside emitted: /home/dalab/MolBio-Open-Source-Toolkits/dist/cypress/e2e/oligoMode.d.ts
[vite:dts] Outside emitted: /home/dalab/MolBio-Open-Source-Toolkits/dist/cypress/e2e/onSavePng.d.ts
[vite:dts] Outside emitted: /home/dalab/MolBio-Open-Source-Toolkits/dist/cypress/e2e/orfs.d.ts
[vite:dts] Outside emitted: /home/dalab/MolBio-Open-Source-Toolkits/dist/cypress/e2e/partOverlapsSelf.d.ts
[vite:dts] Outside emitted: /home/dalab/MolBio-Open-Source-Toolkits/dist/cypress/e2e/partTags.d.ts
[vite:dts] Outside emitted: /home/dalab/MolBio-Open-Source-Toolkits/dist/cypress/e2e/partTypes.d.ts
[vite:dts] Outside emitted: /home/dalab/MolBio-Open-Source-Toolkits/dist/cypress/e2e/pcrTool.d.ts
[vite:dts] Outside emitted: /home/dalab/MolBio-Open-Source-Toolkits/dist/cypress/e2e/primers.d.ts
[vite:dts] Outside emitted: /home/dalab/MolBio-Open-Source-Toolkits/dist/cypress/e2e/properties.d.ts
[vite:dts] Outside emitted: /home/dalab/MolBio-Open-Source-Toolkits/dist/cypress/e2e/proteinEditor.d.ts
[vite:dts] Outside emitted: /home/dalab/MolBio-Open-Source-Toolkits/dist/cypress/e2e/rnaMode.d.ts
[vite:dts] Outside emitted: /home/dalab/MolBio-Open-Source-Toolkits/dist/cypress/e2e/rotateCircularView.d.ts
[vite:dts] Outside emitted: /home/dalab/MolBio-Open-Source-Toolkits/dist/cypress/e2e/rowView.d.ts
[vite:dts] Outside emitted: /home/dalab/MolBio-Open-Source-Toolkits/dist/cypress/e2e/rowViewSpacing.d.ts
[vite:dts] Outside emitted: /home/dalab/MolBio-Open-Source-Toolkits/dist/cypress/e2e/simpleCircularOrLinearView.d.ts
[vite:dts] Outside emitted: /home/dalab/MolBio-Open-Source-Toolkits/dist/cypress/e2e/standaloneAlignment.d.ts
[vite:dts] Outside emitted: /home/dalab/MolBio-Open-Source-Toolkits/dist/cypress/e2e/statusBar.d.ts
[vite:dts] Outside emitted: /home/dalab/MolBio-Open-Source-Toolkits/dist/cypress/e2e/tabs.d.ts
[vite:dts] Outside emitted: /home/dalab/MolBio-Open-Source-Toolkits/dist/cypress/e2e/temporaryAnnotations.d.ts
[vite:dts] Outside emitted: /home/dalab/MolBio-Open-Source-Toolkits/dist/cypress/e2e/toolbar.d.ts
[vite:dts] Outside emitted: /home/dalab/MolBio-Open-Source-Toolkits/dist/cypress/e2e/umdDemo.d.ts
[vite:dts] Outside emitted: /home/dalab/MolBio-Open-Source-Toolkits/dist/cypress/e2e/versionHistory.d.ts
[vite:dts] Outside emitted: /home/dalab/MolBio-Open-Source-Toolkits/dist/cypress/e2e/virtualDigest.d.ts
[vite:dts] Outside emitted: /home/dalab/MolBio-Open-Source-Toolkits/dist/cypress/e2e/warnings.d.ts
[vite:dts] Outside emitted: /home/dalab/MolBio-Open-Source-Toolkits/dist/cypress/e2e/zoomCircularView.d.ts
[vite:dts] Outside emitted: /home/dalab/MolBio-Open-Source-Toolkits/dist/cypress/e2e/zoomLinearView.d.ts
[vite:dts] Outside emitted: /home/dalab/MolBio-Open-Source-Toolkits/dist/demo/index.d.ts
[vite:dts] Outside emitted: /home/dalab/MolBio-Open-Source-Toolkits/dist/demo/src/store.d.ts
[vite:dts] Outside emitted: /home/dalab/MolBio-Open-Source-Toolkits/dist/demo/src/utils/useToggle.d.ts
[vite:dts] Outside emitted: /home/dalab/MolBio-Open-Source-Toolkits/dist/demo/src/AlignmentDemo.d.ts
[vite:dts] Outside emitted: /home/dalab/MolBio-Open-Source-Toolkits/dist/demo/src/utils/setupOptions.d.ts
[vite:dts] Outside emitted: /home/dalab/MolBio-Open-Source-Toolkits/dist/demo/src/utils/renderToggle.d.ts
[vite:dts] Outside emitted: /home/dalab/MolBio-Open-Source-Toolkits/dist/demo/src/SimpleCircularOrLinearViewDemo.d.ts
[vite:dts] Outside emitted: /home/dalab/MolBio-Open-Source-Toolkits/dist/demo/src/StandaloneAlignmentDemo.d.ts
[vite:dts] Outside emitted: /home/dalab/MolBio-Open-Source-Toolkits/dist/demo/src/exampleData/exampleSequenceData.d.ts
[vite:dts] Outside emitted: /home/dalab/MolBio-Open-Source-Toolkits/dist/demo/src/StandaloneDemo.d.ts
[vite:dts] Outside emitted: /home/dalab/MolBio-Open-Source-Toolkits/dist/demo/src/VersionHistoryViewDemo.d.ts
[vite:dts] Outside emitted: /home/dalab/MolBio-Open-Source-Toolkits/dist/demo/src/EditorDemo/AddEditFeatureOverrideExample.d.ts
[vite:dts] Outside emitted: /home/dalab/MolBio-Open-Source-Toolkits/dist/demo/src/exampleData/exampleProteinData.d.ts
[vite:dts] Outside emitted: /home/dalab/MolBio-Open-Source-Toolkits/dist/demo/src/EditorDemo/index.d.ts
[vite:dts] Outside emitted: /home/dalab/MolBio-Open-Source-Toolkits/dist/demo/src/index.d.ts
[vite:dts] Outside emitted: /home/dalab/MolBio-Open-Source-Toolkits/dist/demo/src/exampleData/generatedSequenceData.d.ts
[vite:dts] Outside emitted: /home/dalab/MolBio-Open-Source-Toolkits/dist/demo/src/exampleData/orfsAndTranslations.d.ts
[vite:dts] Outside emitted: /home/dalab/MolBio-Open-Source-Toolkits/dist/demo/src/exampleData/simpleSequenceData.d.ts
[vite:dts] Outside emitted: /home/dalab/MolBio-Open-Source-Toolkits/dist/cypress.config.d.ts
[vite:dts] Outside emitted: /home/dalab/MolBio-Open-Source-Toolkits/dist/vite.config.d.ts
[vite:dts] Declaration files built in 6619ms.

[vite-plugin-static-copy] Copied 3 items.
../../dist/ove/ove.css                      3,762.47 kB │ gzip: 1,387.06 kB
../../dist/ove/html2canvas.esm-BMO0JF59.js    363.21 kB │ gzip:    65.62 kB
../../dist/ove/index.es.js                  5,743.74 kB │ gzip: 1,156.98 kB
../../dist/ove/ove.css                       3,762.47 kB │ gzip: 1,387.06 kB
../../dist/ove/html2canvas.esm-RAlXaYGh.cjs    363.29 kB │ gzip:    65.65 kB
../../dist/ove/index.cjs.js                  5,733.89 kB │ gzip: 1,156.95 kB
✓ built in 13.08s
